// Jest Snapshot v1, https://goo.gl/fbAQLP

exports[`add items to a sequence 1`] = `
Array [
  Object {
    "newNode": Object {
      "children": Array [
        Object {
          "children": Array [],
          "component": null,
          "type": 0,
          "value": "baz",
        },
      ],
      "component": Object {
        "slots": Array [
          Slot {
            "name": null,
            "path": Array [
              0,
            ],
            "type": 0,
          },
        ],
        "template": "<b></b>",
      },
      "type": 2,
      "value": null,
    },
    "oldNode": Object {
      "children": Array [
        Object {
          "children": Array [
            Object {
              "children": Array [],
              "component": null,
              "type": 0,
              "value": "foo",
            },
          ],
          "component": Object {
            "slots": Array [
              Slot {
                "name": null,
                "path": Array [
                  0,
                ],
                "type": 0,
              },
            ],
            "template": "<b></b>",
          },
          "type": 2,
          "value": null,
        },
        Object {
          "children": Array [
            Object {
              "children": Array [],
              "component": null,
              "type": 0,
              "value": "bar",
            },
          ],
          "component": Object {
            "slots": Array [
              Slot {
                "name": null,
                "path": Array [
                  0,
                ],
                "type": 0,
              },
            ],
            "template": "<b></b>",
          },
          "type": 2,
          "value": null,
        },
      ],
      "component": Object {
        "slots": Array [
          Slot {
            "name": null,
            "path": Array [
              0,
            ],
            "type": 0,
          },
        ],
        "template": "<b></b>",
      },
      "type": 1,
      "value": null,
    },
    "operation": 7,
  },
  Object {
    "newNode": Object {
      "children": Array [
        Object {
          "children": Array [],
          "component": null,
          "type": 0,
          "value": "qux",
        },
      ],
      "component": Object {
        "slots": Array [
          Slot {
            "name": null,
            "path": Array [
              0,
            ],
            "type": 0,
          },
        ],
        "template": "<b></b>",
      },
      "type": 2,
      "value": null,
    },
    "oldNode": Object {
      "children": Array [
        Object {
          "children": Array [
            Object {
              "children": Array [],
              "component": null,
              "type": 0,
              "value": "foo",
            },
          ],
          "component": Object {
            "slots": Array [
              Slot {
                "name": null,
                "path": Array [
                  0,
                ],
                "type": 0,
              },
            ],
            "template": "<b></b>",
          },
          "type": 2,
          "value": null,
        },
        Object {
          "children": Array [
            Object {
              "children": Array [],
              "component": null,
              "type": 0,
              "value": "bar",
            },
          ],
          "component": Object {
            "slots": Array [
              Slot {
                "name": null,
                "path": Array [
                  0,
                ],
                "type": 0,
              },
            ],
            "template": "<b></b>",
          },
          "type": 2,
          "value": null,
        },
      ],
      "component": Object {
        "slots": Array [
          Slot {
            "name": null,
            "path": Array [
              0,
            ],
            "type": 0,
          },
        ],
        "template": "<b></b>",
      },
      "type": 1,
      "value": null,
    },
    "operation": 7,
  },
]
`;

exports[`clear a sequence 1`] = `
Array [
  Object {
    "newNode": Object {
      "children": Array [],
      "component": null,
      "type": 1,
      "value": null,
    },
    "oldNode": Object {
      "children": Array [
        Object {
          "children": Array [
            Object {
              "children": Array [],
              "component": null,
              "type": 0,
              "value": "foo",
            },
          ],
          "component": Object {
            "slots": Array [
              Slot {
                "name": null,
                "path": Array [
                  0,
                ],
                "type": 0,
              },
            ],
            "template": "<b></b>",
          },
          "type": 2,
          "value": null,
        },
        Object {
          "children": Array [
            Object {
              "children": Array [],
              "component": null,
              "type": 0,
              "value": "bar",
            },
          ],
          "component": Object {
            "slots": Array [
              Slot {
                "name": null,
                "path": Array [
                  0,
                ],
                "type": 0,
              },
            ],
            "template": "<b></b>",
          },
          "type": 2,
          "value": null,
        },
      ],
      "component": Object {
        "slots": Array [
          Slot {
            "name": null,
            "path": Array [
              0,
            ],
            "type": 0,
          },
        ],
        "template": "<b></b>",
      },
      "type": 1,
      "value": null,
    },
    "operation": 9,
  },
]
`;

exports[`morph a component 1`] = `
Array [
  Object {
    "newNode": Object {
      "children": Array [
        Object {
          "children": Array [],
          "component": null,
          "type": 0,
          "value": "foo",
        },
      ],
      "component": Object {
        "slots": Array [
          Slot {
            "name": null,
            "path": Array [
              0,
            ],
            "type": 0,
          },
        ],
        "template": "<i></i>",
      },
      "type": 2,
      "value": null,
    },
    "oldNode": Object {
      "children": Array [
        Object {
          "children": Array [],
          "component": null,
          "type": 0,
          "value": "foo",
        },
      ],
      "component": Object {
        "slots": Array [
          Slot {
            "name": null,
            "path": Array [
              0,
            ],
            "type": 0,
          },
        ],
        "template": "<b></b>",
      },
      "type": 2,
      "value": null,
    },
    "operation": 5,
  },
  Object {
    "newNode": Object {
      "children": Array [
        Object {
          "children": Array [],
          "component": null,
          "type": 0,
          "value": "foo",
        },
      ],
      "component": Object {
        "slots": Array [
          Slot {
            "name": null,
            "path": Array [
              0,
            ],
            "type": 0,
          },
        ],
        "template": "<i></i>",
      },
      "type": 2,
      "value": null,
    },
    "oldNode": Object {
      "children": Array [
        Object {
          "children": Array [],
          "component": null,
          "type": 0,
          "value": "foo",
        },
      ],
      "component": Object {
        "slots": Array [
          Slot {
            "name": null,
            "path": Array [
              0,
            ],
            "type": 0,
          },
        ],
        "template": "<b></b>",
      },
      "type": 2,
      "value": null,
    },
    "operation": 2,
  },
]
`;

exports[`morph a component into a primitive 1`] = `
Array [
  Object {
    "newNode": Object {
      "children": Array [],
      "component": null,
      "type": 0,
      "value": "foo",
    },
    "oldNode": Object {
      "children": Array [
        Object {
          "children": Array [],
          "component": null,
          "type": 0,
          "value": "foo",
        },
      ],
      "component": Object {
        "slots": Array [
          Slot {
            "name": null,
            "path": Array [
              0,
            ],
            "type": 0,
          },
        ],
        "template": "<b></b>",
      },
      "type": 2,
      "value": null,
    },
    "operation": 5,
  },
  Object {
    "newNode": Object {
      "children": Array [],
      "component": null,
      "type": 0,
      "value": "foo",
    },
    "oldNode": Object {
      "children": Array [
        Object {
          "children": Array [],
          "component": null,
          "type": 0,
          "value": "foo",
        },
      ],
      "component": Object {
        "slots": Array [
          Slot {
            "name": null,
            "path": Array [
              0,
            ],
            "type": 0,
          },
        ],
        "template": "<b></b>",
      },
      "type": 2,
      "value": null,
    },
    "operation": 0,
  },
]
`;

exports[`morph a component into a sequence 1`] = `
Array [
  Object {
    "newNode": Object {
      "children": Array [
        Object {
          "children": Array [
            Object {
              "children": Array [],
              "component": null,
              "type": 0,
              "value": "foo",
            },
          ],
          "component": Object {
            "slots": Array [
              Slot {
                "name": null,
                "path": Array [
                  0,
                ],
                "type": 0,
              },
            ],
            "template": "<b></b>",
          },
          "type": 2,
          "value": null,
        },
        Object {
          "children": Array [
            Object {
              "children": Array [],
              "component": null,
              "type": 0,
              "value": "bar",
            },
          ],
          "component": Object {
            "slots": Array [
              Slot {
                "name": null,
                "path": Array [
                  0,
                ],
                "type": 0,
              },
            ],
            "template": "<b></b>",
          },
          "type": 2,
          "value": null,
        },
      ],
      "component": Object {
        "slots": Array [
          Slot {
            "name": null,
            "path": Array [
              0,
            ],
            "type": 0,
          },
        ],
        "template": "<b></b>",
      },
      "type": 1,
      "value": null,
    },
    "oldNode": Object {
      "children": Array [
        Object {
          "children": Array [],
          "component": null,
          "type": 0,
          "value": "foo",
        },
      ],
      "component": Object {
        "slots": Array [
          Slot {
            "name": null,
            "path": Array [
              0,
            ],
            "type": 0,
          },
        ],
        "template": "<b></b>",
      },
      "type": 2,
      "value": null,
    },
    "operation": 5,
  },
  Object {
    "newNode": Object {
      "children": Array [
        Object {
          "children": Array [
            Object {
              "children": Array [],
              "component": null,
              "type": 0,
              "value": "foo",
            },
          ],
          "component": Object {
            "slots": Array [
              Slot {
                "name": null,
                "path": Array [
                  0,
                ],
                "type": 0,
              },
            ],
            "template": "<b></b>",
          },
          "type": 2,
          "value": null,
        },
        Object {
          "children": Array [
            Object {
              "children": Array [],
              "component": null,
              "type": 0,
              "value": "bar",
            },
          ],
          "component": Object {
            "slots": Array [
              Slot {
                "name": null,
                "path": Array [
                  0,
                ],
                "type": 0,
              },
            ],
            "template": "<b></b>",
          },
          "type": 2,
          "value": null,
        },
      ],
      "component": Object {
        "slots": Array [
          Slot {
            "name": null,
            "path": Array [
              0,
            ],
            "type": 0,
          },
        ],
        "template": "<b></b>",
      },
      "type": 1,
      "value": null,
    },
    "oldNode": Object {
      "children": Array [
        Object {
          "children": Array [],
          "component": null,
          "type": 0,
          "value": "foo",
        },
      ],
      "component": Object {
        "slots": Array [
          Slot {
            "name": null,
            "path": Array [
              0,
            ],
            "type": 0,
          },
        ],
        "template": "<b></b>",
      },
      "type": 2,
      "value": null,
    },
    "operation": 1,
  },
]
`;

exports[`morph a root component 1`] = `
Array [
  Object {
    "newNode": Object {
      "children": Array [
        Object {
          "children": Array [],
          "component": null,
          "type": 0,
          "value": "foo",
        },
      ],
      "component": Object {
        "slots": Array [
          Slot {
            "name": null,
            "path": Array [
              0,
            ],
            "type": 0,
          },
        ],
        "template": "<i></i>",
      },
      "type": 2,
      "value": null,
    },
    "oldNode": Object {
      "children": Array [
        Object {
          "children": Array [],
          "component": null,
          "type": 0,
          "value": "foo",
        },
      ],
      "component": Object {
        "slots": Array [
          Slot {
            "name": null,
            "path": Array [
              0,
            ],
            "type": 0,
          },
        ],
        "template": "<b></b>",
      },
      "type": 2,
      "value": null,
    },
    "operation": 5,
  },
  Object {
    "newNode": Object {
      "children": Array [
        Object {
          "children": Array [],
          "component": null,
          "type": 0,
          "value": "foo",
        },
      ],
      "component": Object {
        "slots": Array [
          Slot {
            "name": null,
            "path": Array [
              0,
            ],
            "type": 0,
          },
        ],
        "template": "<i></i>",
      },
      "type": 2,
      "value": null,
    },
    "oldNode": Object {
      "children": Array [
        Object {
          "children": Array [],
          "component": null,
          "type": 0,
          "value": "foo",
        },
      ],
      "component": Object {
        "slots": Array [
          Slot {
            "name": null,
            "path": Array [
              0,
            ],
            "type": 0,
          },
        ],
        "template": "<b></b>",
      },
      "type": 2,
      "value": null,
    },
    "operation": 2,
  },
]
`;

exports[`morph a sequence 1`] = `
Array [
  Object {
    "newNode": Object {
      "children": Array [
        Object {
          "children": Array [],
          "component": null,
          "type": 0,
          "value": "foo",
        },
      ],
      "component": Object {
        "slots": Array [
          Slot {
            "name": null,
            "path": Array [
              0,
            ],
            "type": 0,
          },
        ],
        "template": "<i></i>",
      },
      "type": 2,
      "value": null,
    },
    "oldNode": Object {
      "children": Array [
        Object {
          "children": Array [],
          "component": null,
          "type": 0,
          "value": "foo",
        },
      ],
      "component": Object {
        "slots": Array [
          Slot {
            "name": null,
            "path": Array [
              0,
            ],
            "type": 0,
          },
        ],
        "template": "<b></b>",
      },
      "type": 2,
      "value": null,
    },
    "operation": 5,
  },
  Object {
    "newNode": Object {
      "children": Array [
        Object {
          "children": Array [],
          "component": null,
          "type": 0,
          "value": "foo",
        },
      ],
      "component": Object {
        "slots": Array [
          Slot {
            "name": null,
            "path": Array [
              0,
            ],
            "type": 0,
          },
        ],
        "template": "<i></i>",
      },
      "type": 2,
      "value": null,
    },
    "oldNode": Object {
      "children": Array [
        Object {
          "children": Array [],
          "component": null,
          "type": 0,
          "value": "foo",
        },
      ],
      "component": Object {
        "slots": Array [
          Slot {
            "name": null,
            "path": Array [
              0,
            ],
            "type": 0,
          },
        ],
        "template": "<b></b>",
      },
      "type": 2,
      "value": null,
    },
    "operation": 2,
  },
  Object {
    "newNode": Object {
      "children": Array [
        Object {
          "children": Array [],
          "component": null,
          "type": 0,
          "value": "bar",
        },
      ],
      "component": Object {
        "slots": Array [
          Slot {
            "name": null,
            "path": Array [
              0,
            ],
            "type": 0,
          },
        ],
        "template": "<i></i>",
      },
      "type": 2,
      "value": null,
    },
    "oldNode": Object {
      "children": Array [
        Object {
          "children": Array [],
          "component": null,
          "type": 0,
          "value": "bar",
        },
      ],
      "component": Object {
        "slots": Array [
          Slot {
            "name": null,
            "path": Array [
              0,
            ],
            "type": 0,
          },
        ],
        "template": "<b></b>",
      },
      "type": 2,
      "value": null,
    },
    "operation": 5,
  },
  Object {
    "newNode": Object {
      "children": Array [
        Object {
          "children": Array [],
          "component": null,
          "type": 0,
          "value": "bar",
        },
      ],
      "component": Object {
        "slots": Array [
          Slot {
            "name": null,
            "path": Array [
              0,
            ],
            "type": 0,
          },
        ],
        "template": "<i></i>",
      },
      "type": 2,
      "value": null,
    },
    "oldNode": Object {
      "children": Array [
        Object {
          "children": Array [],
          "component": null,
          "type": 0,
          "value": "bar",
        },
      ],
      "component": Object {
        "slots": Array [
          Slot {
            "name": null,
            "path": Array [
              0,
            ],
            "type": 0,
          },
        ],
        "template": "<b></b>",
      },
      "type": 2,
      "value": null,
    },
    "operation": 2,
  },
]
`;

exports[`morph a sequence into a component 1`] = `
Array [
  Object {
    "newNode": Object {
      "children": Array [
        Object {
          "children": Array [],
          "component": null,
          "type": 0,
          "value": "foo",
        },
      ],
      "component": Object {
        "slots": Array [
          Slot {
            "name": null,
            "path": Array [
              0,
            ],
            "type": 0,
          },
        ],
        "template": "<b></b>",
      },
      "type": 2,
      "value": null,
    },
    "oldNode": Object {
      "children": Array [
        Object {
          "children": Array [
            Object {
              "children": Array [],
              "component": null,
              "type": 0,
              "value": "foo",
            },
          ],
          "component": Object {
            "slots": Array [
              Slot {
                "name": null,
                "path": Array [
                  0,
                ],
                "type": 0,
              },
            ],
            "template": "<b></b>",
          },
          "type": 2,
          "value": null,
        },
        Object {
          "children": Array [
            Object {
              "children": Array [],
              "component": null,
              "type": 0,
              "value": "bar",
            },
          ],
          "component": Object {
            "slots": Array [
              Slot {
                "name": null,
                "path": Array [
                  0,
                ],
                "type": 0,
              },
            ],
            "template": "<b></b>",
          },
          "type": 2,
          "value": null,
        },
      ],
      "component": Object {
        "slots": Array [
          Slot {
            "name": null,
            "path": Array [
              0,
            ],
            "type": 0,
          },
        ],
        "template": "<b></b>",
      },
      "type": 1,
      "value": null,
    },
    "operation": 4,
  },
  Object {
    "newNode": Object {
      "children": Array [
        Object {
          "children": Array [],
          "component": null,
          "type": 0,
          "value": "foo",
        },
      ],
      "component": Object {
        "slots": Array [
          Slot {
            "name": null,
            "path": Array [
              0,
            ],
            "type": 0,
          },
        ],
        "template": "<b></b>",
      },
      "type": 2,
      "value": null,
    },
    "oldNode": Object {
      "children": Array [
        Object {
          "children": Array [
            Object {
              "children": Array [],
              "component": null,
              "type": 0,
              "value": "foo",
            },
          ],
          "component": Object {
            "slots": Array [
              Slot {
                "name": null,
                "path": Array [
                  0,
                ],
                "type": 0,
              },
            ],
            "template": "<b></b>",
          },
          "type": 2,
          "value": null,
        },
        Object {
          "children": Array [
            Object {
              "children": Array [],
              "component": null,
              "type": 0,
              "value": "bar",
            },
          ],
          "component": Object {
            "slots": Array [
              Slot {
                "name": null,
                "path": Array [
                  0,
                ],
                "type": 0,
              },
            ],
            "template": "<b></b>",
          },
          "type": 2,
          "value": null,
        },
      ],
      "component": Object {
        "slots": Array [
          Slot {
            "name": null,
            "path": Array [
              0,
            ],
            "type": 0,
          },
        ],
        "template": "<b></b>",
      },
      "type": 1,
      "value": null,
    },
    "operation": 2,
  },
]
`;

exports[`morph a sequence into a primitive 1`] = `
Array [
  Object {
    "newNode": Object {
      "children": Array [],
      "component": null,
      "type": 0,
      "value": "foo",
    },
    "oldNode": Object {
      "children": Array [
        Object {
          "children": Array [
            Object {
              "children": Array [],
              "component": null,
              "type": 0,
              "value": "foo",
            },
          ],
          "component": Object {
            "slots": Array [
              Slot {
                "name": null,
                "path": Array [
                  0,
                ],
                "type": 0,
              },
            ],
            "template": "<b></b>",
          },
          "type": 2,
          "value": null,
        },
        Object {
          "children": Array [
            Object {
              "children": Array [],
              "component": null,
              "type": 0,
              "value": "bar",
            },
          ],
          "component": Object {
            "slots": Array [
              Slot {
                "name": null,
                "path": Array [
                  0,
                ],
                "type": 0,
              },
            ],
            "template": "<b></b>",
          },
          "type": 2,
          "value": null,
        },
      ],
      "component": Object {
        "slots": Array [
          Slot {
            "name": null,
            "path": Array [
              0,
            ],
            "type": 0,
          },
        ],
        "template": "<b></b>",
      },
      "type": 1,
      "value": null,
    },
    "operation": 4,
  },
  Object {
    "newNode": Object {
      "children": Array [],
      "component": null,
      "type": 0,
      "value": "foo",
    },
    "oldNode": Object {
      "children": Array [
        Object {
          "children": Array [
            Object {
              "children": Array [],
              "component": null,
              "type": 0,
              "value": "foo",
            },
          ],
          "component": Object {
            "slots": Array [
              Slot {
                "name": null,
                "path": Array [
                  0,
                ],
                "type": 0,
              },
            ],
            "template": "<b></b>",
          },
          "type": 2,
          "value": null,
        },
        Object {
          "children": Array [
            Object {
              "children": Array [],
              "component": null,
              "type": 0,
              "value": "bar",
            },
          ],
          "component": Object {
            "slots": Array [
              Slot {
                "name": null,
                "path": Array [
                  0,
                ],
                "type": 0,
              },
            ],
            "template": "<b></b>",
          },
          "type": 2,
          "value": null,
        },
      ],
      "component": Object {
        "slots": Array [
          Slot {
            "name": null,
            "path": Array [
              0,
            ],
            "type": 0,
          },
        ],
        "template": "<b></b>",
      },
      "type": 1,
      "value": null,
    },
    "operation": 0,
  },
]
`;

exports[`remove items from a sequence 1`] = `
Array [
  Object {
    "newNode": Object {
      "children": Array [],
      "component": null,
      "type": 0,
      "value": "baz",
    },
    "oldNode": Object {
      "children": Array [],
      "component": null,
      "type": 0,
      "value": "bar",
    },
    "operation": 6,
  },
  Object {
    "newNode": null,
    "oldNode": Object {
      "children": Array [
        Object {
          "children": Array [],
          "component": null,
          "type": 0,
          "value": "baz",
        },
      ],
      "component": Object {
        "slots": Array [
          Slot {
            "name": null,
            "path": Array [
              0,
            ],
            "type": 0,
          },
        ],
        "template": "<b></b>",
      },
      "type": 2,
      "value": null,
    },
    "operation": 8,
  },
  Object {
    "newNode": null,
    "oldNode": Object {
      "children": Array [
        Object {
          "children": Array [],
          "component": null,
          "type": 0,
          "value": "qux",
        },
      ],
      "component": Object {
        "slots": Array [
          Slot {
            "name": null,
            "path": Array [
              0,
            ],
            "type": 0,
          },
        ],
        "template": "<b></b>",
      },
      "type": 2,
      "value": null,
    },
    "operation": 8,
  },
]
`;

exports[`reorder items of a sequence 1`] = `
Array [
  Object {
    "newNode": Object {
      "children": Array [],
      "component": null,
      "type": 0,
      "value": "qux",
    },
    "oldNode": Object {
      "children": Array [],
      "component": null,
      "type": 0,
      "value": "foo",
    },
    "operation": 6,
  },
  Object {
    "newNode": Object {
      "children": Array [],
      "component": null,
      "type": 0,
      "value": "baz",
    },
    "oldNode": Object {
      "children": Array [],
      "component": null,
      "type": 0,
      "value": "bar",
    },
    "operation": 6,
  },
  Object {
    "newNode": Object {
      "children": Array [],
      "component": null,
      "type": 0,
      "value": "bar",
    },
    "oldNode": Object {
      "children": Array [],
      "component": null,
      "type": 0,
      "value": "baz",
    },
    "operation": 6,
  },
  Object {
    "newNode": Object {
      "children": Array [],
      "component": null,
      "type": 0,
      "value": "foo",
    },
    "oldNode": Object {
      "children": Array [],
      "component": null,
      "type": 0,
      "value": "qux",
    },
    "operation": 6,
  },
]
`;

exports[`update items of a sequence 1`] = `
Array [
  Object {
    "newNode": Object {
      "children": Array [],
      "component": null,
      "type": 0,
      "value": "baz",
    },
    "oldNode": Object {
      "children": Array [],
      "component": null,
      "type": 0,
      "value": "foo",
    },
    "operation": 6,
  },
  Object {
    "newNode": Object {
      "children": Array [],
      "component": null,
      "type": 0,
      "value": "qux",
    },
    "oldNode": Object {
      "children": Array [],
      "component": null,
      "type": 0,
      "value": "bar",
    },
    "operation": 6,
  },
]
`;
